
> react-kavia@0.1.0 start
> react-scripts start

(node:13044) [DEP_WEBPACK_DEV_SERVER_ON_AFTER_SETUP_MIDDLEWARE] DeprecationWarning: 'onAfterSetupMiddleware' option is deprecated. Please use the 'setupMiddlewares' option.
(Use `node --trace-deprecation ...` to show where the warning was created)
(node:13044) [DEP_WEBPACK_DEV_SERVER_ON_BEFORE_SETUP_MIDDLEWARE] DeprecationWarning: 'onBeforeSetupMiddleware' option is deprecated. Please use the 'setupMiddlewares' option.
Starting the development server...

Failed to compile.

Module not found: Error: Can't resolve 'react-router-dom' in '/home/kavia/workspace/code-generation/kollywood-quizmaster-37327-fd8b2c05/kollywood_quizmaster/src'
ERROR in ./src/App.js 10:0-84
Module not found: Error: Can't resolve 'react-router-dom' in '/home/kavia/workspace/code-generation/kollywood-quizmaster-37327-fd8b2c05/kollywood_quizmaster/src'

ERROR in ./src/components/Navbar.js 6:0-66
Module not found: Error: Can't resolve 'react-router-dom' in '/home/kavia/workspace/code-generation/kollywood-quizmaster-37327-fd8b2c05/kollywood_quizmaster/src/components'

ERROR in ./src/pages/Dashboard.js 6:0-47
Module not found: Error: Can't resolve 'react-router-dom' in '/home/kavia/workspace/code-generation/kollywood-quizmaster-37327-fd8b2c05/kollywood_quizmaster/src/pages'

ERROR in ./src/pages/Login.js 6:0-47
Module not found: Error: Can't resolve 'react-router-dom' in '/home/kavia/workspace/code-generation/kollywood-quizmaster-37327-fd8b2c05/kollywood_quizmaster/src/pages'

ERROR in ./src/pages/ResultDisplay.js 8:0-47
Module not found: Error: Can't resolve 'react-router-dom' in '/home/kavia/workspace/code-generation/kollywood-quizmaster-37327-fd8b2c05/kollywood_quizmaster/src/pages'

webpack compiled with 5 errors
Compiling...
Failed to compile.

Module not found: Error: Can't resolve 'react-router-dom' in '/home/kavia/workspace/code-generation/kollywood-quizmaster-37327-fd8b2c05/kollywood_quizmaster/src'
LOG from webpack.FileSystemInfo
<w> Managed item /home/kavia/workspace/code-generation/kollywood-quizmaster-37327-fd8b2c05/kollywood_quizmaster/node_modules/react-router-dom isn't a directory or doesn't contain a package.json (see snapshot.managedPaths option)
+ 13 hidden lines

ERROR in ./src/App.js 10:0-84
Module not found: Error: Can't resolve 'react-router-dom' in '/home/kavia/workspace/code-generation/kollywood-quizmaster-37327-fd8b2c05/kollywood_quizmaster/src'

ERROR in ./src/components/Navbar.js 6:0-66
Module not found: Error: Can't resolve 'react-router-dom' in '/home/kavia/workspace/code-generation/kollywood-quizmaster-37327-fd8b2c05/kollywood_quizmaster/src/components'

ERROR in ./src/pages/Dashboard.js 6:0-47
Module not found: Error: Can't resolve 'react-router-dom' in '/home/kavia/workspace/code-generation/kollywood-quizmaster-37327-fd8b2c05/kollywood_quizmaster/src/pages'

ERROR in ./src/pages/Login.js 6:0-47
Module not found: Error: Can't resolve 'react-router-dom' in '/home/kavia/workspace/code-generation/kollywood-quizmaster-37327-fd8b2c05/kollywood_quizmaster/src/pages'

ERROR in ./src/pages/ResultDisplay.js 8:0-47
Module not found: Error: Can't resolve 'react-router-dom' in '/home/kavia/workspace/code-generation/kollywood-quizmaster-37327-fd8b2c05/kollywood_quizmaster/src/pages'

webpack compiled with 5 errors
Compiling...
Compiled successfully!
webpack compiled successfully
Compiling...
Compiled successfully!
webpack compiled successfully
Compiling...
Compiled successfully!
webpack compiled successfully
